
> saavik-solutions-landing-page@0.1.0 build
> next build

  Γû▓ Next.js 14.2.5
  - Experiments (use with caution):
    ┬╖ webpackBuildWorker
    ┬╖ parallelServerCompiles
    ┬╖ parallelServerBuildTraces

   Creating an optimized production build ...
 Γ£ô Compiled successfully
   Linting and checking validity of types ...
   Collecting page data ...
   Generating static pages (0/26) ...
   Generating static pages (6/26) 
   Generating static pages (12/26) 
   Generating static pages (19/26) 
 Γ£ô Generating static pages (26/26)
   Finalizing page optimization ...
   Collecting build traces ...

Route (app)                                                     Size     First Load JS
Γöî Γùï /                                                           7.43 kB         169 kB
Γö£ Γùï /_not-found                                                 871 B            88 kB
Γö£ Γùï /about                                                      2.9 kB          164 kB
Γö£ Γùï /about/history                                              4.31 kB         162 kB
Γö£ Γùï /about/mission                                              3.82 kB         165 kB
Γö£ Γùï /about/team                                                 8.37 kB         166 kB
Γö£ Γùï /blogs                                                      3.79 kB         165 kB
Γö£ ΓùÅ /blogs/[slug]                                               2.88 kB         161 kB
Γö£   Γö£ /blogs/building-seo-optimized-applications
Γö£   Γö£ /blogs/how-ai-can-improve-content-strategy
Γö£   Γö£ /blogs/how-many-people-to-start-digital-marketing-agency
Γö£   Γöö [+5 more paths]
Γö£ Γùï /careers                                                    1.52 kB         163 kB
Γö£ ΓùÅ /connect/[slug]                                             8.36 kB         138 kB
Γö£   Γö£ /connect/bhargava-raj
Γö£   Γö£ /connect/sridhar-palley
Γö£   Γöö /connect/nikhil-shukla
Γö£ Γùï /contact-us                                                 22.8 kB         181 kB
Γö£ Γùï /openings                                                   3.73 kB         162 kB
Γö£ ╞Æ /openings/[id]                                              6.45 kB         164 kB
Γö£ Γùï /praaactice/hooks                                           145 B          87.3 kB
Γö£ Γùï /services                                                   2.19 kB         164 kB
Γöö Γùï /sitemap.xml                                                0 B                0 B
+ First Load JS shared by all                                   87.2 kB
  Γö£ chunks/23-cb8128eca927b004.js                               31.5 kB
  Γö£ chunks/fd9d1056-b2d7b411ba3da134.js                         53.6 kB
  Γöö other shared chunks (total)                                 1.99 kB


Γùï  (Static)   prerendered as static content
ΓùÅ  (SSG)      prerendered as static HTML (uses getStaticProps)
╞Æ  (Dynamic)  server-rendered on demand

